// Jest Snapshot v1, https://goo.gl/fbAQLP

exports[`<CommentForm /> rendre le contenu 1`] = `
<View>
  <TextInput
    testID="input"
    value="abacaba"
  />
  <View
    accessible={true}
    collapsable={false}
    focusable={false}
    onClick={[Function]}
    onResponderGrant={[Function]}
    onResponderMove={[Function]}
    onResponderRelease={[Function]}
    onResponderTerminate={[Function]}
    onResponderTerminationRequest={[Function]}
    onStartShouldSetResponder={[Function]}
    style={
      Object {
        "opacity": 1,
      }
    }
    testID="submit"
  >
    Submit
  </View>
</View>
`;
