// Jest Snapshot v1, https://goo.gl/fbAQLP

exports[`<Intro /> corresponde au composant 1`] = `
<View
  style={
    Object {
      "flex": 1,
    }
  }
  testID="wrapper"
>
  <Text
    style={
      Object {
        "color": "red",
      }
    }
    testID="text"
  >
    charles
  </Text>
</View>
`;
